// Jest Snapshot v1, https://goo.gl/fbAQLP

exports[`GET /user respond with json 1`] = `
Object {
  "name": "john",
}
`;
